\BOOKMARK [0][-]{chapter.1}{\376\377\000I\000n\000t\000r\000o\000d\000u\000c\000t\000i\000o\000n}{}% 1
\BOOKMARK [1][-]{section.1.1}{\376\377\000I\000n\000t\000e\000r\000v\000e\000n\000t\000i\000o\000n\000a\000l\000\040\000R\000a\000d\000i\000o\000l\000o\000g\000y}{chapter.1}% 2
\BOOKMARK [1][-]{section.1.2}{\376\377\000P\000h\000o\000t\000o\000n\000\040\000I\000n\000t\000e\000r\000a\000c\000t\000i\000o\000n\000\040\000w\000i\000t\000h\000\040\000M\000a\000t\000t\000e\000r}{chapter.1}% 3
\BOOKMARK [2][-]{subsection.1.2.1}{\376\377\000P\000h\000o\000t\000o\000e\000l\000e\000c\000t\000r\000i\000c\000\040\000E\000f\000f\000e\000c\000t}{section.1.2}% 4
\BOOKMARK [2][-]{subsection.1.2.2}{\376\377\000C\000o\000m\000p\000t\000o\000n\000\040\000S\000c\000a\000t\000t\000e\000r\000i\000n\000g}{section.1.2}% 5
\BOOKMARK [1][-]{section.1.3}{\376\377\000D\000o\000s\000i\000m\000e\000t\000r\000y\000\040\000F\000u\000n\000d\000a\000m\000e\000n\000t\000a\000l\000s}{chapter.1}% 6
\BOOKMARK [2][-]{subsection.1.3.1}{\376\377\000P\000h\000y\000s\000i\000c\000a\000l\000\040\000Q\000u\000a\000n\000t\000i\000t\000i\000e\000s}{section.1.3}% 7
\BOOKMARK [2][-]{subsection.1.3.2}{\376\377\000P\000r\000o\000t\000e\000c\000t\000i\000o\000n\000\040\000Q\000u\000a\000n\000t\000i\000t\000i\000e\000s}{section.1.3}% 8
\BOOKMARK [2][-]{subsection.1.3.3}{\376\377\000O\000p\000e\000r\000a\000t\000i\000o\000n\000a\000l\000\040\000Q\000u\000a\000n\000t\000i\000t\000y}{section.1.3}% 9
\BOOKMARK [1][-]{section.1.4}{\376\377\000O\000c\000c\000u\000p\000a\000t\000i\000o\000n\000a\000l\000\040\000E\000x\000p\000o\000s\000u\000r\000e}{chapter.1}% 10
\BOOKMARK [1][-]{section.1.5}{\376\377\000R\000e\000a\000l\000-\000T\000i\000m\000e\000\040\000D\000o\000s\000i\000m\000e\000t\000r\000y}{chapter.1}% 11
\BOOKMARK [2][-]{subsection.1.5.1}{\376\377\000R\000e\000p\000o\000r\000t\000e\000d\000\040\000B\000e\000n\000e\000f\000i\000t\000s}{section.1.5}% 12
\BOOKMARK [0][-]{chapter.2}{\376\377\000H\000a\000r\000d\000w\000a\000r\000e\000\040\000D\000e\000v\000e\000l\000o\000p\000m\000e\000n\000t}{}% 13
\BOOKMARK [1][-]{section.2.1}{\376\377\000S\000c\000i\000n\000t\000i\000l\000l\000a\000t\000o\000r}{chapter.2}% 14
\BOOKMARK [1][-]{section.2.2}{\376\377\000P\000h\000o\000t\000o\000d\000e\000t\000e\000c\000t\000o\000r}{chapter.2}% 15
\BOOKMARK [2][-]{subsection.2.2.1}{\376\377\000S\000i\000P\000M\000\040\000P\000o\000w\000e\000r\000\040\000S\000u\000p\000p\000l\000y}{section.2.2}% 16
\BOOKMARK [1][-]{section.2.3}{\376\377\000F\000r\000o\000n\000t\000-\000E\000n\000d\000\040\000E\000l\000e\000c\000t\000r\000o\000n\000i\000c\000s}{chapter.2}% 17
\BOOKMARK [2][-]{subsection.2.3.1}{\376\377\000P\000u\000l\000s\000e\000\040\000S\000h\000a\000p\000i\000n\000g}{section.2.3}% 18
\BOOKMARK [2][-]{subsection.2.3.2}{\376\377\000P\000u\000l\000s\000e\000\040\000D\000i\000s\000c\000r\000i\000m\000i\000n\000a\000t\000i\000o\000n}{section.2.3}% 19
\BOOKMARK [2][-]{subsection.2.3.3}{\376\377\000P\000u\000l\000s\000e\000\040\000S\000a\000m\000p\000l\000i\000n\000g}{section.2.3}% 20
\BOOKMARK [1][-]{section.2.4}{\376\377\000V\000a\000l\000i\000d\000a\000t\000i\000o\000n\000\040\000o\000f\000\040\000t\000h\000e\000\040\000F\000r\000o\000n\000t\000-\000E\000n\000d\000\040\000E\000l\000e\000c\000t\000r\000o\000n\000i\000c\000s}{chapter.2}% 21
\BOOKMARK [0][-]{chapter.3}{\376\377\000C\000a\000l\000i\000b\000r\000a\000t\000i\000o\000n}{}% 22
\BOOKMARK [1][-]{section.3.1}{\376\377\000E\000n\000e\000r\000g\000y\000\040\000C\000a\000l\000i\000b\000r\000a\000t\000i\000o\000n}{chapter.3}% 23
\BOOKMARK [1][-]{section.3.2}{\376\377\000D\000o\000s\000e\000\040\000R\000a\000t\000e\000\040\000C\000a\000l\000i\000b\000r\000a\000t\000i\000o\000n}{chapter.3}% 24
\BOOKMARK [0][-]{chapter.4}{\376\377\000F\000i\000n\000a\000l\000\040\000P\000r\000o\000t\000o\000t\000y\000p\000e}{}% 25
\BOOKMARK [1][-]{section.4.1}{\376\377\000F\000u\000t\000u\000r\000e\000\040\000W\000o\000r\000k}{chapter.4}% 26
\BOOKMARK [0][-]{chapter.5}{\376\377\000C\000o\000n\000c\000l\000u\000s\000i\000o\000n\000s}{}% 27
\BOOKMARK [0][-]{appendix.A}{\376\377\000R\000e\000f\000e\000r\000e\000n\000c\000e\000\040\000R\000a\000d\000i\000o\000a\000c\000t\000i\000v\000e\000\040\000S\000o\000u\000r\000c\000e\000s}{}% 28
